<!DOCTYPE html>
<html>
<head>
    <meta charset="UTF-8">
    <title>Account Page</title>
</head>
<body>
    <h1>Account Details</h1>
    <p>Test fixture placeholder content.</p>
</body>
</html>
